src/lib/scraper.ts(212,37): error TS2345: Argument of type 'Root' is not assignable to parameter of type 'CheerioAPI'.
  Type 'Root' is missing the following properties from type 'CheerioAPI': version, load
src/lib/scraper.ts(225,39): error TS2345: Argument of type 'Root' is not assignable to parameter of type 'CheerioAPI'.
  Type 'Root' is missing the following properties from type 'CheerioAPI': version, load
